2026-10-03 18:38:41 RUN START 20261003T153841Z-run-467407 2026-10-03T15:38:41+00:00 2026-10-03T18:38:41+03:00
2026-10-03 18:38:48 ZIP 60601: location verified (Chicago, store 5402)
2026-10-03 18:38:53 ZIP 10001: location verified (New York, store 3520)
2026-10-03 18:39:00 ZIP 77001: location verified (Houston, store 5959)
2026-10-03 18:39:10 ZIP 90001: location verified (Los Angeles, store 3180)
2026-10-03 18:42:49 ZIP 60601: 50/1000 reads, 50 successful
2026-10-03 18:42:50 ZIP 10001: 50/1000 reads, 50 successful
2026-10-03 18:42:52 ZIP 90001: 50/1000 reads, 50 successful
2026-10-03 18:43:00 ZIP 77001: 50/1000 reads, 50 successful
2026-10-03 18:45:10 ZIP 60601: 75/1000 reads, 75 successful
2026-10-03 18:45:13 ZIP 90001: 75/1000 reads, 75 successful
2026-10-03 18:45:15 ZIP 77001: 75/1000 reads, 75 successful
2026-10-03 18:45:16 ZIP 10001: 75/1000 reads, 75 successful
2026-10-03 18:47:32 ZIP 60601: 100/1000 reads, 100 successful
2026-10-03 18:47:34 ZIP 77001: 100/1000 reads, 100 successful
2026-10-03 18:47:37 ZIP 10001: 100/1000 reads, 100 successful
2026-10-03 18:47:41 ZIP 90001: 100/1000 reads, 100 successful
2026-10-03 18:49:51 ZIP 60601: 125/1000 reads, 125 successful
2026-10-03 18:49:53 ZIP 77001: 125/1000 reads, 125 successful
2026-10-03 18:49:55 ZIP 90001: 125/1000 reads, 125 successful
2026-10-03 18:49:57 ZIP 10001: 125/1000 reads, 125 successful
2026-10-03 18:52:10 ZIP 60601: 150/1000 reads, 150 successful
2026-10-03 18:52:13 ZIP 10001: 150/1000 reads, 150 successful
2026-10-03 18:52:16 ZIP 90001: 150/1000 reads, 150 successful
2026-10-03 18:52:18 ZIP 77001: 150/1000 reads, 150 successful
2026-10-03 18:54:34 ZIP 60601: 175/1000 reads, 175 successful
2026-10-03 18:54:37 ZIP 10001: 175/1000 reads, 175 successful
2026-10-03 18:54:39 ZIP 77001: 175/1000 reads, 175 successful
2026-10-03 18:54:40 ZIP 90001: 175/1000 reads, 175 successful
2026-10-03 18:56:58 ZIP 60601: 200/1000 reads, 200 successful
2026-10-03 18:57:00 ZIP 90001: 200/1000 reads, 200 successful
2026-10-03 18:57:03 ZIP 77001: 200/1000 reads, 200 successful
2026-10-03 18:57:07 ZIP 10001: 200/1000 reads, 200 successful
2026-10-03 18:59:20 ZIP 60601: 225/1000 reads, 225 successful
2026-10-03 18:59:22 ZIP 77001: 225/1000 reads, 225 successful
2026-10-03 18:59:25 ZIP 90001: 225/1000 reads, 225 successful
2026-10-03 18:59:27 ZIP 10001: 225/1000 reads, 225 successful
2026-10-03 19:01:43 ZIP 60601: 250/1000 reads, 250 successful
2026-10-03 19:01:44 ZIP 10001: 250/1000 reads, 250 successful
2026-10-03 19:01:48 ZIP 77001: 250/1000 reads, 250 successful
2026-10-03 19:01:48 ZIP 90001: 250/1000 reads, 250 successful
2026-10-03 19:04:04 ZIP 60601: 275/1000 reads, 275 successful
2026-10-03 19:04:07 ZIP 90001: 275/1000 reads, 275 successful
2026-10-03 19:04:09 ZIP 10001: 275/1000 reads, 275 successful
2026-10-03 19:04:11 ZIP 77001: 275/1000 reads, 275 successful
2026-10-03 19:06:33 ZIP 77001: 300/1000 reads, 300 successful
2026-10-03 19:06:34 ZIP 60601: 300/1000 reads, 300 successful
2026-10-03 19:06:37 ZIP 10001: 300/1000 reads, 300 successful
2026-10-03 19:06:45 ZIP 90001: 300/1000 reads, 300 successful
2026-10-03 19:08:59 ZIP 77001: 325/1000 reads, 325 successful
2026-10-03 19:09:01 ZIP 90001: 325/1000 reads, 325 successful
2026-10-03 19:09:04 ZIP 10001: 325/1000 reads, 325 successful
2026-10-03 19:09:05 ZIP 60601: 325/1000 reads, 325 successful
2026-10-03 19:11:22 ZIP 77001: 350/1000 reads, 350 successful
2026-10-03 19:11:24 ZIP 60601: 350/1000 reads, 350 successful
2026-10-03 19:11:27 ZIP 90001: 350/1000 reads, 350 successful
2026-10-03 19:11:30 ZIP 10001: 350/1000 reads, 350 successful
2026-10-03 19:13:44 ZIP 77001: 375/1000 reads, 375 successful
2026-10-03 19:13:46 ZIP 60601: 375/1000 reads, 375 successful
2026-10-03 19:13:49 ZIP 90001: 375/1000 reads, 375 successful
2026-10-03 19:13:52 ZIP 10001: 375/1000 reads, 375 successful
2026-10-03 19:16:10 ZIP 60601: 400/1000 reads, 400 successful
2026-10-03 19:16:12 ZIP 10001: 400/1000 reads, 400 successful
2026-10-03 19:16:15 ZIP 77001: 400/1000 reads, 400 successful
2026-10-03 19:16:16 ZIP 90001: 400/1000 reads, 400 successful
2026-10-03 19:18:33 ZIP 77001: 425/1000 reads, 425 successful
2026-10-03 19:18:35 ZIP 90001: 425/1000 reads, 425 successful
2026-10-03 19:18:37 ZIP 60601: 425/1000 reads, 425 successful
2026-10-03 19:18:39 ZIP 10001: 425/1000 reads, 425 successful
2026-10-03 19:20:57 ZIP 10001: 450/1000 reads, 450 successful
2026-10-03 19:20:58 ZIP 60601: 450/1000 reads, 450 successful
2026-10-03 19:21:00 ZIP 77001: 450/1000 reads, 450 successful
2026-10-03 19:21:02 ZIP 90001: 450/1000 reads, 450 successful
2026-10-03 19:23:21 ZIP 77001: 475/1000 reads, 475 successful
2026-10-03 19:23:24 ZIP 90001: 475/1000 reads, 475 successful
2026-10-03 19:23:26 ZIP 60601: 475/1000 reads, 475 successful
2026-10-03 19:23:27 ZIP 10001: 475/1000 reads, 475 successful
2026-10-03 19:25:45 ZIP 77001: 500/1000 reads, 500 successful
2026-10-03 19:25:47 ZIP 10001: 500/1000 reads, 500 successful
2026-10-03 19:25:51 ZIP 90001: 500/1000 reads, 500 successful
2026-10-03 19:25:53 ZIP 60601: 500/1000 reads, 500 successful
2026-10-03 19:28:06 ZIP 77001: 525/1000 reads, 525 successful
2026-10-03 19:28:08 ZIP 10001: 525/1000 reads, 525 successful
2026-10-03 19:28:11 ZIP 90001: 525/1000 reads, 525 successful
2026-10-03 19:28:12 ZIP 60601: 525/1000 reads, 525 successful
2026-10-03 19:30:32 ZIP 90001: 550/1000 reads, 550 successful
2026-10-03 19:30:33 ZIP 10001: 550/1000 reads, 550 successful
2026-10-03 19:30:36 ZIP 77001: 550/1000 reads, 550 successful
2026-10-03 19:30:37 ZIP 60601: 550/1000 reads, 550 successful
2026-10-03 19:32:57 ZIP 90001: 575/1000 reads, 575 successful
2026-10-03 19:32:59 ZIP 60601: 575/1000 reads, 575 successful
2026-10-03 19:33:02 ZIP 77001: 575/1000 reads, 575 successful
2026-10-03 19:33:02 ZIP 10001: 575/1000 reads, 575 successful
2026-10-03 19:35:23 ZIP 90001: 600/1000 reads, 600 successful
2026-10-03 19:35:25 ZIP 77001: 600/1000 reads, 600 successful
2026-10-03 19:35:28 ZIP 10001: 600/1000 reads, 600 successful
2026-10-03 19:35:30 ZIP 60601: 600/1000 reads, 600 successful
2026-10-03 19:37:48 ZIP 77001: 625/1000 reads, 625 successful
2026-10-03 19:37:50 ZIP 60601: 625/1000 reads, 625 successful
2026-10-03 19:37:53 ZIP 90001: 625/1000 reads, 625 successful
2026-10-03 19:37:54 ZIP 10001: 625/1000 reads, 625 successful
2026-10-03 19:40:12 ZIP 77001: 650/1000 reads, 650 successful
2026-10-03 19:40:14 ZIP 90001: 650/1000 reads, 650 successful
2026-10-03 19:40:18 ZIP 60601: 650/1000 reads, 650 successful
2026-10-03 19:40:20 ZIP 10001: 650/1000 reads, 650 successful
2026-10-03 19:42:34 ZIP 77001: 675/1000 reads, 675 successful
2026-10-03 19:42:37 ZIP 90001: 675/1000 reads, 675 successful
2026-10-03 19:42:40 ZIP 10001: 675/1000 reads, 675 successful
2026-10-03 19:42:43 ZIP 60601: 675/1000 reads, 675 successful
2026-10-03 19:45:04 ZIP 77001: 700/1000 reads, 700 successful
2026-10-03 19:45:05 ZIP 90001: 700/1000 reads, 700 successful
2026-10-03 19:45:07 ZIP 10001: 700/1000 reads, 700 successful
2026-10-03 19:45:09 ZIP 60601: 700/1000 reads, 700 successful
2026-10-03 19:47:29 ZIP 77001: 725/1000 reads, 725 successful
2026-10-03 19:47:30 ZIP 10001: 725/1000 reads, 725 successful
2026-10-03 19:47:33 ZIP 60601: 725/1000 reads, 725 successful
2026-10-03 19:47:35 ZIP 90001: 725/1000 reads, 725 successful
2026-10-03 19:49:54 ZIP 60601: 750/1000 reads, 750 successful
2026-10-03 19:49:55 ZIP 90001: 750/1000 reads, 750 successful
2026-10-03 19:49:57 ZIP 77001: 750/1000 reads, 750 successful
2026-10-03 19:49:59 ZIP 10001: 750/1000 reads, 750 successful
2026-10-03 19:52:16 ZIP 60601: 775/1000 reads, 775 successful
2026-10-03 19:52:18 ZIP 10001: 775/1000 reads, 775 successful
2026-10-03 19:52:20 ZIP 77001: 775/1000 reads, 775 successful
2026-10-03 19:52:22 ZIP 90001: 775/1000 reads, 775 successful
2026-10-03 19:54:41 ZIP 60601: 800/1000 reads, 800 successful
2026-10-03 19:54:42 ZIP 10001: 800/1000 reads, 800 successful
2026-10-03 19:54:45 ZIP 77001: 800/1000 reads, 800 successful
2026-10-03 19:54:47 ZIP 90001: 800/1000 reads, 800 successful
2026-10-03 19:57:01 ZIP 60601: 825/1000 reads, 825 successful
2026-10-03 19:57:03 ZIP 90001: 825/1000 reads, 825 successful
2026-10-03 19:57:05 ZIP 77001: 825/1000 reads, 825 successful
2026-10-03 19:57:08 ZIP 10001: 825/1000 reads, 825 successful
2026-10-03 19:59:27 ZIP 60601: 850/1000 reads, 850 successful
2026-10-03 19:59:29 ZIP 10001: 850/1000 reads, 850 successful
2026-10-03 19:59:32 ZIP 90001: 850/1000 reads, 850 successful
2026-10-03 19:59:33 ZIP 77001: 850/1000 reads, 850 successful
2026-10-03 20:01:48 ZIP 60601: 875/1000 reads, 875 successful
2026-10-03 20:01:51 ZIP 10001: 875/1000 reads, 875 successful
2026-10-03 20:01:53 ZIP 77001: 875/1000 reads, 875 successful
2026-10-03 20:01:59 ZIP 90001: 875/1000 reads, 875 successful
2026-10-03 20:04:12 ZIP 60601: 900/1000 reads, 900 successful
2026-10-03 20:04:15 ZIP 90001: 900/1000 reads, 900 successful
2026-10-03 20:04:18 ZIP 10001: 900/1000 reads, 900 successful
2026-10-03 20:04:19 ZIP 77001: 900/1000 reads, 900 successful
2026-10-03 20:06:35 ZIP 60601: 925/1000 reads, 925 successful
2026-10-03 20:06:37 ZIP 10001: 925/1000 reads, 925 successful
2026-10-03 20:06:39 ZIP 77001: 925/1000 reads, 925 successful
2026-10-03 20:06:42 ZIP 90001: 925/1000 reads, 925 successful
2026-10-03 20:09:02 ZIP 77001: 950/1000 reads, 950 successful
2026-10-03 20:09:04 ZIP 90001: 950/1000 reads, 950 successful
2026-10-03 20:09:06 ZIP 60601: 950/1000 reads, 950 successful
2026-10-03 20:09:08 ZIP 10001: 950/1000 reads, 950 successful
2026-10-03 20:11:24 ZIP 77001: 975/1000 reads, 975 successful
2026-10-03 20:11:26 ZIP 60601: 975/1000 reads, 975 successful
2026-10-03 20:11:28 ZIP 10001: 975/1000 reads, 975 successful
2026-10-03 20:11:29 ZIP 90001: 975/1000 reads, 975 successful
2026-10-03 20:13:49 ZIP 77001: 1000/1000 reads, 1000 successful
2026-10-03 20:13:49 ZIP 77001: 1000/1000 reads successful
2026-10-03 20:13:52 ZIP 10001: 1000/1000 reads, 1000 successful
2026-10-03 20:13:52 ZIP 10001: 1000/1000 reads successful
2026-10-03 20:13:53 ZIP 60601: 1000/1000 reads, 1000 successful
2026-10-03 20:13:53 ZIP 60601: 1000/1000 reads successful
2026-10-03 20:13:56 ZIP 90001: 1000/1000 reads, 1000 successful
2026-10-03 20:13:56 ZIP 90001: 1000/1000 reads successful
2026-10-03 20:14:03 ZIP 85001: location verified (Phoenix, store 2515)
2026-10-03 20:14:07 ZIP 19103: location verified (Philadelphia, store 2141)
2026-10-03 20:14:11 ZIP 78205: location verified (San Antonio, store 3058)
2026-10-03 20:14:14 ZIP 92101: location verified (San Diego, store 5023)
2026-10-03 20:17:45 ZIP 19103: 50/1000 reads, 50 successful
2026-10-03 20:17:51 ZIP 85001: 50/1000 reads, 50 successful
2026-10-03 20:17:53 ZIP 78205: 50/1000 reads, 50 successful
2026-10-03 20:17:56 ZIP 92101: 50/1000 reads, 50 successful
2026-10-03 20:19:34 ZIP 19103: 75/1000 reads, 75 successful
2026-10-03 20:19:41 ZIP 85001: 75/1000 reads, 75 successful
2026-10-03 20:19:43 ZIP 78205: 75/1000 reads, 75 successful
2026-10-03 20:19:46 ZIP 92101: 75/1000 reads, 75 successful
2026-10-03 20:21:23 ZIP 19103: 100/1000 reads, 100 successful
2026-10-03 20:21:30 ZIP 85001: 100/1000 reads, 100 successful
2026-10-03 20:21:33 ZIP 78205: 100/1000 reads, 100 successful
2026-10-03 20:21:35 ZIP 92101: 100/1000 reads, 100 successful
2026-10-03 20:23:14 ZIP 19103: 125/1000 reads, 125 successful
2026-10-03 20:23:20 ZIP 85001: 125/1000 reads, 125 successful
2026-10-03 20:23:21 ZIP 78205: 125/1000 reads, 125 successful
2026-10-03 20:23:30 ZIP 92101: 125/1000 reads, 125 successful
2026-10-03 20:25:04 ZIP 19103: 150/1000 reads, 150 successful
2026-10-03 20:25:09 ZIP 78205: 150/1000 reads, 150 successful
2026-10-03 20:25:10 ZIP 85001: 150/1000 reads, 150 successful
2026-10-03 20:25:20 ZIP 92101: 150/1000 reads, 150 successful
2026-10-03 20:26:51 ZIP 19103: 175/1000 reads, 175 successful
2026-10-03 20:27:02 ZIP 78205: 175/1000 reads, 175 successful
2026-10-03 20:27:06 ZIP 85001: 175/1000 reads, 175 successful
2026-10-03 20:27:12 ZIP 92101: 175/1000 reads, 175 successful
2026-10-03 20:28:47 ZIP 19103: 200/1000 reads, 200 successful
2026-10-03 20:28:52 ZIP 78205: 200/1000 reads, 200 successful
2026-10-03 20:28:54 ZIP 85001: 200/1000 reads, 200 successful
2026-10-03 20:29:02 ZIP 92101: 200/1000 reads, 200 successful
2026-10-03 20:30:43 ZIP 85001: 225/1000 reads, 225 successful
2026-10-03 20:30:44 ZIP 19103: 225/1000 reads, 225 successful
2026-10-03 20:30:46 ZIP 78205: 225/1000 reads, 225 successful
2026-10-03 20:30:49 ZIP 92101: 225/1000 reads, 225 successful
2026-10-03 20:32:32 ZIP 19103: 250/1000 reads, 250 successful
2026-10-03 20:32:35 ZIP 85001: 250/1000 reads, 250 successful
2026-10-03 20:32:36 ZIP 78205: 250/1000 reads, 250 successful
2026-10-03 20:32:39 ZIP 92101: 250/1000 reads, 250 successful
2026-10-03 20:34:21 ZIP 85001: 275/1000 reads, 275 successful
2026-10-03 20:34:22 ZIP 19103: 275/1000 reads, 275 successful
2026-10-03 20:34:29 ZIP 92101: 275/1000 reads, 275 successful
2026-10-03 20:34:33 ZIP 78205: 275/1000 reads, 275 successful
2026-10-03 20:36:11 ZIP 85001: 300/1000 reads, 300 successful
2026-10-03 20:36:16 ZIP 19103: 300/1000 reads, 300 successful
2026-10-03 20:36:18 ZIP 92101: 300/1000 reads, 300 successful
2026-10-03 20:36:22 ZIP 78205: 300/1000 reads, 300 successful
2026-10-03 20:37:59 ZIP 85001: 325/1000 reads, 325 successful
2026-10-03 20:38:10 ZIP 78205: 325/1000 reads, 325 successful
2026-10-03 20:38:11 ZIP 19103: 325/1000 reads, 325 successful
2026-10-03 20:38:13 ZIP 92101: 325/1000 reads, 325 successful
2026-10-03 20:39:56 ZIP 85001: 350/1000 reads, 350 successful
2026-10-03 20:39:59 ZIP 78205: 350/1000 reads, 350 successful
2026-10-03 20:40:02 ZIP 19103: 350/1000 reads, 350 successful
2026-10-03 20:40:04 ZIP 92101: 350/1000 reads, 350 successful
2026-10-03 20:41:45 ZIP 85001: 375/1000 reads, 375 successful
2026-10-03 20:41:47 ZIP 78205: 375/1000 reads, 375 successful
2026-10-03 20:41:53 ZIP 19103: 375/1000 reads, 375 successful
2026-10-03 20:41:54 ZIP 92101: 375/1000 reads, 375 successful
2026-10-03 20:43:32 ZIP 85001: 400/1000 reads, 400 successful
2026-10-03 20:43:36 ZIP 78205: 400/1000 reads, 400 successful
2026-10-03 20:43:47 ZIP 92101: 400/1000 reads, 400 successful
2026-10-03 20:43:48 ZIP 19103: 400/1000 reads, 400 successful
2026-10-03 20:45:20 ZIP 85001: 425/1000 reads, 425 successful
2026-10-03 20:45:27 ZIP 78205: 425/1000 reads, 425 successful
2026-10-03 20:45:36 ZIP 92101: 425/1000 reads, 425 successful
2026-10-03 20:45:41 ZIP 19103: 425/1000 reads, 425 successful
2026-10-03 20:47:10 ZIP 85001: 450/1000 reads, 450 successful
2026-10-03 20:47:16 ZIP 78205: 450/1000 reads, 450 successful
2026-10-03 20:47:28 ZIP 92101: 450/1000 reads, 450 successful
2026-10-03 20:47:30 ZIP 19103: 450/1000 reads, 450 successful
2026-10-03 20:49:00 ZIP 85001: 475/1000 reads, 475 successful
2026-10-03 20:49:06 ZIP 78205: 475/1000 reads, 475 successful
2026-10-03 20:49:17 ZIP 19103: 475/1000 reads, 475 successful
2026-10-03 20:49:21 ZIP 92101: 475/1000 reads, 475 successful
2026-10-03 20:50:49 ZIP 85001: 500/1000 reads, 500 successful
2026-10-03 20:50:52 ZIP 78205: 500/1000 reads, 500 successful
2026-10-03 20:51:08 ZIP 19103: 500/1000 reads, 500 successful
2026-10-03 20:51:13 ZIP 92101: 500/1000 reads, 500 successful
2026-10-03 20:52:37 ZIP 85001: 525/1000 reads, 525 successful
2026-10-03 20:52:48 ZIP 78205: 525/1000 reads, 525 successful
2026-10-03 20:52:55 ZIP 19103: 525/1000 reads, 525 successful
2026-10-03 20:53:04 ZIP 92101: 525/1000 reads, 525 successful
2026-10-03 20:54:27 ZIP 85001: 550/1000 reads, 550 successful
2026-10-03 20:54:38 ZIP 78205: 550/1000 reads, 550 successful
2026-10-03 20:54:45 ZIP 19103: 550/1000 reads, 550 successful
2026-10-03 20:54:52 ZIP 92101: 550/1000 reads, 550 successful
2026-10-03 20:56:22 ZIP 85001: 575/1000 reads, 575 successful
2026-10-03 20:56:29 ZIP 78205: 575/1000 reads, 575 successful
2026-10-03 20:56:39 ZIP 19103: 575/1000 reads, 575 successful
2026-10-03 20:56:45 ZIP 92101: 575/1000 reads, 575 successful
2026-10-03 20:58:12 ZIP 85001: 600/1000 reads, 600 successful
2026-10-03 20:58:17 ZIP 78205: 600/1000 reads, 600 successful
2026-10-03 20:58:27 ZIP 19103: 600/1000 reads, 600 successful
2026-10-03 20:58:37 ZIP 92101: 600/1000 reads, 600 successful
2026-10-03 21:00:01 ZIP 85001: 625/1000 reads, 625 successful
2026-10-03 21:00:06 ZIP 78205: 625/1000 reads, 625 successful
2026-10-03 21:00:17 ZIP 19103: 625/1000 reads, 625 successful
2026-10-03 21:00:27 ZIP 92101: 625/1000 reads, 625 successful
2026-10-03 21:01:50 ZIP 85001: 650/1000 reads, 650 successful
2026-10-03 21:01:55 ZIP 78205: 650/1000 reads, 650 successful
2026-10-03 21:02:05 ZIP 19103: 650/1000 reads, 650 successful
2026-10-03 21:02:23 ZIP 92101: 650/1000 reads, 650 successful
2026-10-03 21:03:39 ZIP 85001: 675/1000 reads, 675 successful
2026-10-03 21:03:45 ZIP 78205: 675/1000 reads, 675 successful
2026-10-03 21:03:53 ZIP 19103: 675/1000 reads, 675 successful
2026-10-03 21:04:13 ZIP 92101: 675/1000 reads, 675 successful
2026-10-03 21:05:31 ZIP 78205: 700/1000 reads, 700 successful
2026-10-03 21:05:37 ZIP 85001: 700/1000 reads, 700 successful
2026-10-03 21:05:42 ZIP 19103: 700/1000 reads, 700 successful
2026-10-03 21:06:01 ZIP 92101: 700/1000 reads, 700 successful
2026-10-03 21:07:22 ZIP 78205: 725/1000 reads, 725 successful
2026-10-03 21:07:28 ZIP 85001: 725/1000 reads, 725 successful
2026-10-03 21:07:30 ZIP 19103: 725/1000 reads, 725 successful
2026-10-03 21:07:51 ZIP 92101: 725/1000 reads, 725 successful
2026-10-03 21:09:12 ZIP 78205: 750/1000 reads, 750 successful
2026-10-03 21:09:17 ZIP 85001: 750/1000 reads, 750 successful
2026-10-03 21:09:18 ZIP 19103: 750/1000 reads, 750 successful
2026-10-03 21:09:41 ZIP 92101: 750/1000 reads, 750 successful
2026-10-03 21:11:00 ZIP 78205: 775/1000 reads, 775 successful
2026-10-03 21:11:07 ZIP 19103: 775/1000 reads, 775 successful
2026-10-03 21:11:10 ZIP 85001: 775/1000 reads, 775 successful
2026-10-03 21:11:29 ZIP 92101: 775/1000 reads, 775 successful
2026-10-03 21:12:54 ZIP 19103: 800/1000 reads, 800 successful
2026-10-03 21:12:56 ZIP 78205: 800/1000 reads, 800 successful
2026-10-03 21:13:04 ZIP 85001: 800/1000 reads, 800 successful
2026-10-03 21:13:24 ZIP 92101: 800/1000 reads, 800 successful
2026-10-03 21:14:41 ZIP 19103: 825/1000 reads, 825 successful
2026-10-03 21:14:46 ZIP 78205: 825/1000 reads, 825 successful
2026-10-03 21:14:53 ZIP 85001: 825/1000 reads, 825 successful
2026-10-03 21:15:13 ZIP 92101: 825/1000 reads, 825 successful
2026-10-03 21:16:29 ZIP 19103: 850/1000 reads, 850 successful
2026-10-03 21:16:36 ZIP 78205: 850/1000 reads, 850 successful
2026-10-03 21:16:43 ZIP 85001: 850/1000 reads, 850 successful
2026-10-03 21:17:03 ZIP 92101: 850/1000 reads, 850 successful
2026-10-03 21:18:14 ZIP 19103: 875/1000 reads, 875 successful
2026-10-03 21:18:33 ZIP 85001: 875/1000 reads, 875 successful
2026-10-03 21:18:39 ZIP 78205: 875/1000 reads, 875 successful
2026-10-03 21:18:53 ZIP 92101: 875/1000 reads, 875 successful
2026-10-03 21:20:02 ZIP 19103: 900/1000 reads, 900 successful
2026-10-03 21:20:23 ZIP 85001: 900/1000 reads, 900 successful
2026-10-03 21:20:32 ZIP 78205: 900/1000 reads, 900 successful
2026-10-03 21:20:42 ZIP 92101: 900/1000 reads, 900 successful
2026-10-03 21:21:48 ZIP 19103: 925/1000 reads, 925 successful
2026-10-03 21:22:10 ZIP 85001: 925/1000 reads, 925 successful
2026-10-03 21:22:22 ZIP 78205: 925/1000 reads, 925 successful
2026-10-03 21:22:32 ZIP 92101: 925/1000 reads, 925 successful
2026-10-03 21:23:43 ZIP 19103: 950/1000 reads, 950 successful
2026-10-03 21:23:59 ZIP 85001: 950/1000 reads, 950 successful
2026-10-03 21:24:10 ZIP 78205: 950/1000 reads, 950 successful
2026-10-03 21:24:23 ZIP 92101: 950/1000 reads, 950 successful
2026-10-03 21:25:34 ZIP 19103: 975/1000 reads, 975 successful
2026-10-03 21:25:54 ZIP 85001: 975/1000 reads, 975 successful
2026-10-03 21:25:58 ZIP 78205: 975/1000 reads, 975 successful
2026-10-03 21:26:18 ZIP 92101: 975/1000 reads, 975 successful
2026-10-03 21:27:23 ZIP 19103: 1000/1000 reads, 1000 successful
2026-10-03 21:27:23 ZIP 19103: 1000/1000 reads successful
2026-10-03 21:27:39 ZIP 75201: location verified (Dallas, store 5823)
2026-10-03 21:27:46 ZIP 78205: 1000/1000 reads, 1000 successful
2026-10-03 21:27:46 ZIP 78205: 1000/1000 reads successful
2026-10-03 21:27:49 ZIP 85001: 1000/1000 reads, 1000 successful
2026-10-03 21:27:49 ZIP 85001: 1000/1000 reads successful
2026-10-03 21:28:01 ZIP 98101: location verified (Seattle, store 3098)
2026-10-03 21:28:02 ZIP 92101: 1000/1000 reads, 1000 successful
2026-10-03 21:28:02 ZIP 92101: 1000/1000 reads successful
2026-10-03 21:30:06 ZIP 75201: 50/1000 reads, 50 successful
2026-10-03 21:30:13 ZIP 98101: 50/1000 reads, 50 successful
2026-10-03 21:31:05 ZIP 75201: 75/1000 reads, 75 successful
2026-10-03 21:31:16 ZIP 98101: 75/1000 reads, 75 successful
2026-10-03 21:32:00 ZIP 75201: 100/1000 reads, 100 successful
2026-10-03 21:32:11 ZIP 98101: 100/1000 reads, 100 successful
2026-10-03 21:32:56 ZIP 75201: 125/1000 reads, 125 successful
2026-10-03 21:33:05 ZIP 98101: 125/1000 reads, 125 successful
2026-10-03 21:33:50 ZIP 75201: 150/1000 reads, 150 successful
2026-10-03 21:34:02 ZIP 98101: 150/1000 reads, 150 successful
2026-10-03 21:34:45 ZIP 75201: 175/1000 reads, 175 successful
2026-10-03 21:35:01 ZIP 98101: 175/1000 reads, 175 successful
2026-10-03 21:35:44 ZIP 75201: 200/1000 reads, 200 successful
2026-10-03 21:35:59 ZIP 98101: 200/1000 reads, 200 successful
2026-10-03 21:36:35 ZIP 75201: 225/1000 reads, 225 successful
2026-10-03 21:36:58 ZIP 98101: 225/1000 reads, 225 successful
2026-10-03 21:37:30 ZIP 75201: 250/1000 reads, 250 successful
2026-10-03 21:37:58 ZIP 98101: 250/1000 reads, 250 successful
2026-10-03 21:38:26 ZIP 75201: 275/1000 reads, 275 successful
2026-10-03 21:38:58 ZIP 98101: 275/1000 reads, 275 successful
2026-10-03 21:39:22 ZIP 75201: 300/1000 reads, 300 successful
2026-10-03 21:39:53 ZIP 98101: 300/1000 reads, 300 successful
2026-10-03 21:40:20 ZIP 75201: 325/1000 reads, 325 successful
2026-10-03 21:40:46 ZIP 98101: 325/1000 reads, 325 successful
2026-10-03 21:41:16 ZIP 75201: 350/1000 reads, 350 successful
2026-10-03 21:41:43 ZIP 98101: 350/1000 reads, 350 successful
2026-10-03 21:42:13 ZIP 75201: 375/1000 reads, 375 successful
2026-10-03 21:42:43 ZIP 98101: 375/1000 reads, 375 successful
2026-10-03 21:43:09 ZIP 75201: 400/1000 reads, 400 successful
2026-10-03 21:43:36 ZIP 98101: 400/1000 reads, 400 successful
2026-10-03 21:44:14 ZIP 75201: 425/1000 reads, 425 successful
2026-10-03 21:44:37 ZIP 98101: 425/1000 reads, 425 successful
2026-10-03 21:45:08 ZIP 75201: 450/1000 reads, 450 successful
2026-10-03 21:45:32 ZIP 98101: 450/1000 reads, 450 successful
2026-10-03 21:46:04 ZIP 75201: 475/1000 reads, 475 successful
2026-10-03 21:46:32 ZIP 98101: 475/1000 reads, 475 successful
2026-10-03 21:46:58 ZIP 75201: 500/1000 reads, 500 successful
2026-10-03 21:47:25 ZIP 98101: 500/1000 reads, 500 successful
2026-10-03 21:47:55 ZIP 75201: 525/1000 reads, 525 successful
2026-10-03 21:48:21 ZIP 98101: 525/1000 reads, 525 successful
2026-10-03 21:48:59 ZIP 75201: 550/1000 reads, 550 successful
2026-10-03 21:49:13 ZIP 98101: 550/1000 reads, 550 successful
2026-10-03 21:49:55 ZIP 75201: 575/1000 reads, 575 successful
2026-10-03 21:50:08 ZIP 98101: 575/1000 reads, 575 successful
2026-10-03 21:50:53 ZIP 75201: 600/1000 reads, 600 successful
2026-10-03 21:51:08 ZIP 98101: 600/1000 reads, 600 successful
2026-10-03 21:51:48 ZIP 75201: 625/1000 reads, 625 successful
2026-10-03 21:52:05 ZIP 98101: 625/1000 reads, 625 successful
2026-10-03 21:52:44 ZIP 75201: 650/1000 reads, 650 successful
2026-10-03 21:53:07 ZIP 98101: 650/1000 reads, 650 successful
2026-10-03 21:53:41 ZIP 75201: 675/1000 reads, 675 successful
2026-10-03 21:54:04 ZIP 98101: 675/1000 reads, 675 successful
2026-10-03 21:54:35 ZIP 75201: 700/1000 reads, 700 successful
2026-10-03 21:55:02 ZIP 98101: 700/1000 reads, 700 successful
2026-10-03 21:55:35 ZIP 75201: 725/1000 reads, 725 successful
2026-10-03 21:56:03 ZIP 98101: 725/1000 reads, 725 successful
2026-10-03 21:56:33 ZIP 75201: 750/1000 reads, 750 successful
2026-10-03 21:56:57 ZIP 98101: 750/1000 reads, 750 successful
2026-10-03 21:57:29 ZIP 75201: 775/1000 reads, 775 successful
2026-10-03 21:57:52 ZIP 98101: 775/1000 reads, 775 successful
2026-10-03 21:58:24 ZIP 75201: 800/1000 reads, 800 successful
2026-10-03 21:58:50 ZIP 98101: 800/1000 reads, 800 successful
2026-10-03 21:59:25 ZIP 75201: 825/1000 reads, 825 successful
2026-10-03 21:59:51 ZIP 98101: 825/1000 reads, 825 successful
2026-10-03 22:00:23 ZIP 75201: 850/1000 reads, 850 successful
2026-10-03 22:00:57 ZIP 98101: 850/1000 reads, 850 successful
2026-10-03 22:01:19 ZIP 75201: 875/1000 reads, 875 successful
2026-10-03 22:01:55 ZIP 98101: 875/1000 reads, 875 successful
2026-10-03 22:02:16 ZIP 75201: 900/1000 reads, 900 successful
2026-10-03 22:02:47 ZIP 98101: 900/1000 reads, 900 successful
2026-10-03 22:03:18 ZIP 75201: 925/1000 reads, 925 successful
2026-10-03 22:04:11 ZIP 98101: 925/1000 reads, 925 successful
2026-10-03 22:04:12 ZIP 75201: 950/1000 reads, 950 successful
2026-10-03 22:05:10 ZIP 98101: 950/1000 reads, 950 successful
2026-10-03 22:05:10 ZIP 75201: 975/1000 reads, 975 successful
2026-10-03 22:06:06 ZIP 98101: 975/1000 reads, 975 successful
2026-10-03 22:06:09 ZIP 75201: 1000/1000 reads, 1000 successful
2026-10-03 22:06:09 ZIP 75201: 1000/1000 reads successful
2026-10-03 22:06:50 ZIP 98101: 1000/1000 reads, 1000 successful
2026-10-03 22:06:50 ZIP 98101: 1000/1000 reads successful
2026-10-03 22:06:51 RUN END   20261003T153841Z-run-467407 2026-10-03T19:06:51+00:00 2026-10-03T22:06:51+03:00 12489s complete 10000/10000
